../Drivers/STM32G0xx_HAL_Driver/Src/stm32g0xx_ll_utils.c:507:20:UTILS_EnablePLLAndSwitchSystem	24	static
../Drivers/STM32G0xx_HAL_Driver/Src/stm32g0xx_ll_utils.c:153:6:LL_Init1msTick	8	static
../Drivers/STM32G0xx_HAL_Driver/Src/stm32g0xx_ll_utils.c:169:6:LL_mDelay	8	static
../Drivers/STM32G0xx_HAL_Driver/Src/stm32g0xx_ll_utils.c:235:6:LL_SetSystemCoreClock	0	static
../Drivers/STM32G0xx_HAL_Driver/Src/stm32g0xx_ll_utils.c:257:13:LL_PLL_ConfigSystemClock_HSI	24	static
../Drivers/STM32G0xx_HAL_Driver/Src/stm32g0xx_ll_utils.c:315:13:LL_PLL_ConfigSystemClock_HSE	32	static
../Drivers/STM32G0xx_HAL_Driver/Src/stm32g0xx_ll_utils.c:376:13:LL_SetFlashLatency	0	static
