../Display/display.c:48:6:Display_TC_Callback	16	static,ignoring_inline_asm
../Display/display.c:113:13:LCD_SetCS	0	static
../Display/display.c:118:13:LCD_ResCS	0	static
../Display/display.c:123:13:LCD_SetDC	0	static
../Display/display.c:128:13:LCD_ResDC	0	static
../Display/display.c:152:6:LCD_HardWareReset	8	static
../Display/display.c:262:6:LCD_String_Interpretator	40	static,ignoring_inline_asm
../Display/display.c:163:6:LCD_ReadImage	80	static,ignoring_inline_asm
../Display/display.c:755:6:LCD_DrawPixel.part.0	16	static,ignoring_inline_asm
../Display/display.c:314:14:LCD_DisplayAdd	56	static,ignoring_inline_asm
../Display/display.c:435:6:LCD_Delete	8	static
../Display/display.c:451:6:LCD_Init	16	static
../Display/display.c:459:16:LCD_GetBackLight	0	static
../Display/display.c:465:17:LCD_GetWidth	0	static
../Display/display.c:471:17:LCD_GetHeight	0	static
../Display/display.c:478:18:LCD_GetState	0	static
../Display/display.c:487:6:LCD_SetBackLight	16	static
../Display/display.c:534:6:LCD_SleepIn	8	static
../Display/display.c:566:6:LCD_SleepOut	16	static
../Display/display.c:576:6:LCD_SetActiveWindow	16	static
../Display/display.c:582:6:LCD_WriteData	12	static,ignoring_inline_asm
../Display/display.c:622:6:LCD_WriteDataDMA	24	static,ignoring_inline_asm
../Display/display.c:671:6:LCD_FillWindow	24	static,ignoring_inline_asm
../Display/display.c:749:6:LCD_Fill	16	static
../Display/display.c:755:6:LCD_DrawPixel	8	static
../Display/display.c:767:6:LCD_DrawLine	48	static
../Display/display.c:830:6:LCD_DrawRectangle	32	static
../Display/display.c:839:6:LCD_DrawFilledRectangle	24	static
../Display/display.c:852:6:LCD_DrawTriangle	40	static
../Display/display.c:900:6:LCD_DrawFilledTriangle	136	static
../Display/display.c:951:6:LCD_DrawCircle	56	static
../Display/display.c:987:6:LCD_DrawFilledCircle	64	static
../Display/display.c:1022:6:LCD_DrawImage	32	static
../Display/display.c:1042:6:LCD_WriteChar	64	static,ignoring_inline_asm
../Display/display.c:1121:6:LCD_WriteString	56	static
../Display/display.c:1139:17:LCD_Color	8	static
../Display/display.c:1148:17:LCD_Color_24b_to_16b	8	static
