../Display/display.c:48:6:Display_TC_Callback	16	static,ignoring_inline_asm
../Display/display.c:112:13:LCD_SetCS	0	static
../Display/display.c:117:13:LCD_ResCS	0	static
../Display/display.c:122:13:LCD_SetDC	0	static
../Display/display.c:127:13:LCD_ResDC	0	static
../Display/display.c:151:6:LCD_HardWareReset	8	static
../Display/display.c:261:6:LCD_String_Interpretator	48	static,ignoring_inline_asm
../Display/display.c:162:6:LCD_ReadImage	80	static,ignoring_inline_asm
../Display/display.c:752:6:LCD_DrawPixel.part.0	16	static,ignoring_inline_asm
../Display/display.c:313:14:LCD_DisplayAdd	56	static,ignoring_inline_asm
../Display/display.c:434:6:LCD_Delete	8	static
../Display/display.c:450:6:LCD_Init	16	static
../Display/display.c:458:16:LCD_GetBackLight	0	static
../Display/display.c:464:17:LCD_GetWidth	0	static
../Display/display.c:470:17:LCD_GetHeight	0	static
../Display/display.c:477:18:LCD_GetState	0	static
../Display/display.c:486:6:LCD_SetBackLight	16	static
../Display/display.c:533:6:LCD_SleepIn	8	static
../Display/display.c:565:6:LCD_SleepOut	16	static
../Display/display.c:575:6:LCD_SetActiveWindow	16	static
../Display/display.c:581:6:LCD_WriteData	12	static,ignoring_inline_asm
../Display/display.c:619:6:LCD_WriteDataDMA	24	static,ignoring_inline_asm
../Display/display.c:669:6:LCD_FillWindow	24	static,ignoring_inline_asm
../Display/display.c:746:6:LCD_Fill	16	static
../Display/display.c:752:6:LCD_DrawPixel	8	static
../Display/display.c:764:6:LCD_DrawLine	48	static
../Display/display.c:827:6:LCD_DrawRectangle	32	static
../Display/display.c:836:6:LCD_DrawFilledRectangle	24	static
../Display/display.c:849:6:LCD_DrawTriangle	40	static
../Display/display.c:897:6:LCD_DrawFilledTriangle	136	static
../Display/display.c:948:6:LCD_DrawCircle	56	static
../Display/display.c:984:6:LCD_DrawFilledCircle	64	static
../Display/display.c:1019:6:LCD_DrawImage	32	static
../Display/display.c:1039:6:LCD_WriteChar	64	static,ignoring_inline_asm
../Display/display.c:1118:6:LCD_WriteString	56	static
../Display/display.c:1136:17:LCD_Color	8	static
../Display/display.c:1145:17:LCD_Color_24b_to_16b	8	static
